LINE ADDR CONTENTS SOURCE LINE
  1.              	.equ	@, $000
  2.              	.equ put_str,$E05
  3.  000 020100  	lds#	$100
  4.  001 030000  	ldf#	0
  5.  002 080011  	psh#	prompt_len
  6.  003 080007  	psh#	prompt
  7.  004 412E05  	jsr	put_str
  8.  005 120002  	ads#	2
  9.  006 FFFFFF  	hlt
 10.  007 686F77  prompt:	.char 'how many cookies?', prompt_len
      008 206D61
      009 6E7920
      00A 636F6F
      00B 6B6965
      00C 733F20
 11.              
 12.              ; put_str subroutine
 13.              ;	.equ	@, $020
 14.              ;	.equ chars, 3
 15.              ;	.equ string, 2
 16.              ;	.equ crt_data, $317
 17.              ;
 18.              ;put_str:	pshf	;store frame pointer
 19.              ;	tsf
 20.              ;	psha	;store accumulator
 21.              ;	pshx	;store index register
 22.              ;
 23.              ;	ldx# 0
 24.              ;p_loop:	ldc* !string
 25.              ;	outb	crt_data
 26.              ;	aoc !chars
 27.              ;	jlt	p_loop
 28.              ;
 29.              ;	popx
 30.              ;	popa
 31.              ;	popf
 32.              ;	rtn

                     SYMBOL TABLE CONTENTS

000007 = PROMPT          000011 = PROMPT_LEN      000E05 = PUT_STR         
